---
source: sparse/src/tests/save_file.rs
expression: "&val"
---
{
  "hello": "world",
  "key1": {
    "$ref": "file2.json#/list/2"
  }
}
