---
source: sppparse/src/tests/save_file.rs
expression: "&val"
---
{
  "hello": "toto",
  "key1": {
    "$ref": "#/hello"
  }
}
